---
http_interactions:
- request:
    method: get
    uri: https://api.cloudtruth.io/api/v1/projects/
    body:
      encoding: US-ASCII
      string: ''
    headers:
      Content-Type:
      - application/json
      User-Agent:
      - kubetruth/1.0.4
      Accept:
      - application/json
      Authorization:
      - Api-Key <TOKEN>
      Accept-Encoding:
      - gzip;q=1.0,deflate;q=0.6,identity;q=0.3
  response:
    status:
      code: 200
      message: OK
    headers:
      Date:
      - Wed, 22 Sep 2021 15:29:55 GMT
      Content-Type:
      - application/json
      Content-Length:
      - '4888'
      Connection:
      - keep-alive
      Set-Cookie:
      - AWSALB=pX0iU4nnyV9/t9Gt9MsVwNuiSc+4mmBbUOU8MltojNZxsP8fiySXpw0gqRhhF824LcR7xri2fyH5X1iMGih3zdG2xFOX5x9xcg0+Xs/O2dsxLg8njnYVWTNBiaHI;
        Expires=Wed, 29 Sep 2021 15:29:55 GMT; Path=/
      - AWSALBCORS=pX0iU4nnyV9/t9Gt9MsVwNuiSc+4mmBbUOU8MltojNZxsP8fiySXpw0gqRhhF824LcR7xri2fyH5X1iMGih3zdG2xFOX5x9xcg0+Xs/O2dsxLg8njnYVWTNBiaHI;
        Expires=Wed, 29 Sep 2021 15:29:55 GMT; Path=/; SameSite=None; Secure
      - AWSALBTG=NKWfjLtfXDAIPF1Ng/cwTuYvpCL2neX6cHCI47e22n4BWUer8HSkj5BbxxF2e6ItVC2nnvwQsF7BnPJeNFDtnXbEOa7vkmXBikxRgGtYZRnRf/ncniGqWDxo4EKfuNaTBDwc+wmtijIGuI/xYlaSTepN9FbdfdR7IYFiR84+9xFi;
        Expires=Wed, 29 Sep 2021 15:29:55 GMT; Path=/
      - AWSALBTGCORS=NKWfjLtfXDAIPF1Ng/cwTuYvpCL2neX6cHCI47e22n4BWUer8HSkj5BbxxF2e6ItVC2nnvwQsF7BnPJeNFDtnXbEOa7vkmXBikxRgGtYZRnRf/ncniGqWDxo4EKfuNaTBDwc+wmtijIGuI/xYlaSTepN9FbdfdR7IYFiR84+9xFi;
        Expires=Wed, 29 Sep 2021 15:29:55 GMT; Path=/; SameSite=None; Secure
      - csrftoken=DkhycPTuDCHoBPnC8LU2Rvuu01aLhs3fEBgxBHHxfyglKLFPJh5vNfpjIYLNc8FG;
        expires=Wed, 21 Sep 2022 15:29:55 GMT; Max-Age=31449600; Path=/; SameSite=Lax
      - sessionid=67i6qbuk3wfbq5yxppg0ir53948g3hof; expires=Wed, 06 Oct 2021 15:29:55
        GMT; Max-Age=1209600; Path=/; Secure
      Server:
      - undisclosed
      Vary:
      - Accept, Cookie, Origin
      Allow:
      - GET, POST, HEAD, OPTIONS
      X-Frame-Options:
      - DENY
      X-Content-Type-Options:
      - nosniff
      Referrer-Policy:
      - same-origin
    body:
      encoding: UTF-8
      string: '{"count":17,"next":null,"previous":null,"results":[{"url":"https://api.cloudtruth.io/api/v1/projects/1a7b786e-9c62-4258-aef2-6cfd75c41a59/","id":"1a7b786e-9c62-4258-aef2-6cfd75c41a59","name":"cfdemo","description":"Configuration
        used to demo a CloudFormation prototype integration","created_at":"2021-07-21T20:05:26.661951Z","modified_at":"2021-07-26T18:44:53.124105Z"},{"url":"https://api.cloudtruth.io/api/v1/projects/4fe2fe3c-c663-41af-8d63-ec5527a621c0/","id":"4fe2fe3c-c663-41af-8d63-ec5527a621c0","name":"common","description":"Shared
        across all projects","created_at":"2021-07-21T20:22:47.273990Z","modified_at":"2021-07-26T18:45:24.199158Z"},{"url":"https://api.cloudtruth.io/api/v1/projects/dcb265f5-ce89-4e00-8b28-7ce873747b97/","id":"dcb265f5-ce89-4e00-8b28-7ce873747b97","name":"common-service","description":"The
        config common across just services","created_at":"2021-07-21T20:24:07.189252Z","modified_at":"2021-07-26T18:46:23.320973Z"},{"url":"https://api.cloudtruth.io/api/v1/projects/8f3c29e6-3383-496f-a8e9-26dc6f25eb3c/","id":"8f3c29e6-3383-496f-a8e9-26dc6f25eb3c","name":"default","description":"The
        auto-generated default project.","created_at":"2021-07-21T20:24:25.911923Z","modified_at":"2021-07-26T18:46:34.255479Z"},{"url":"https://api.cloudtruth.io/api/v1/projects/daf9dcaa-9b5d-42fe-8fc3-3a69cfcf4dc5/","id":"daf9dcaa-9b5d-42fe-8fc3-3a69cfcf4dc5","name":"deploy","description":"Configuration
        needed for the deploy process from CI","created_at":"2021-07-21T20:24:38.629815Z","modified_at":"2021-07-26T18:46:51.707890Z"},{"url":"https://api.cloudtruth.io/api/v1/projects/244cec03-28c2-47cc-85ae-303bda5ba6cf/","id":"244cec03-28c2-47cc-85ae-303bda5ba6cf","name":"deploytest","description":"test
        the ability for kubetruth apply a deployment","created_at":"2021-08-19T13:36:42.635514Z","modified_at":"2021-09-01T16:05:27.884111Z"},{"url":"https://api.cloudtruth.io/api/v1/projects/f7fbefb5-a083-483d-bc33-131065854a06/","id":"f7fbefb5-a083-483d-bc33-131065854a06","name":"filetest","description":"","created_at":"2021-08-27T18:06:21.251281Z","modified_at":"2021-08-27T18:59:13.539538Z"},{"url":"https://api.cloudtruth.io/api/v1/projects/de0e3a04-a86c-4ad2-b358-08a1743813ce/","id":"de0e3a04-a86c-4ad2-b358-08a1743813ce","name":"inflatetest","description":"","created_at":"2021-08-06T15:38:52.135503Z","modified_at":"2021-08-06T15:38:52.135524Z"},{"url":"https://api.cloudtruth.io/api/v1/projects/530170b8-2193-4b37-a572-72860891740a/","id":"530170b8-2193-4b37-a572-72860891740a","name":"k8s-myapp-nginx","description":"","created_at":"2021-09-08T15:25:27.550873Z","modified_at":"2021-09-10T13:58:16.939366Z"},{"url":"https://api.cloudtruth.io/api/v1/projects/5e2e8c45-fd14-4611-8e75-d825b97e01e8/","id":"5e2e8c45-fd14-4611-8e75-d825b97e01e8","name":"kubetruth","description":"Configuration
        for managing kubetruth","created_at":"2021-07-23T16:17:57.275843Z","modified_at":"2021-09-16T15:08:10.717054Z"},{"url":"https://api.cloudtruth.io/api/v1/projects/1703265e-03d4-4e75-8b94-713d34afda67/","id":"1703265e-03d4-4e75-8b94-713d34afda67","name":"service","description":"The
        config for the backend service","created_at":"2021-07-23T16:18:02.643856Z","modified_at":"2021-07-26T18:49:56.904159Z"},{"url":"https://api.cloudtruth.io/api/v1/projects/75732f0b-c0c9-4479-9293-f87bc5a8969c/","id":"75732f0b-c0c9-4479-9293-f87bc5a8969c","name":"service-demo1","description":"The
        config for demo backend service","created_at":"2021-07-23T16:18:04.391855Z","modified_at":"2021-07-26T18:49:58.780103Z"},{"url":"https://api.cloudtruth.io/api/v1/projects/cb32e767-36b2-4bdc-836f-a85014837a93/","id":"cb32e767-36b2-4bdc-836f-a85014837a93","name":"service-demo2","description":"The
        config for demo2 service","created_at":"2021-07-23T16:18:26.748760Z","modified_at":"2021-07-26T18:50:23.926198Z"},{"url":"https://api.cloudtruth.io/api/v1/projects/2913f375-83ab-46b2-aeff-4158cd4d35c7/","id":"2913f375-83ab-46b2-aeff-4158cd4d35c7","name":"service-demo3","description":"The
        config for demo3 service","created_at":"2021-07-23T16:18:29.507805Z","modified_at":"2021-07-26T18:50:25.974144Z"},{"url":"https://api.cloudtruth.io/api/v1/projects/9d70bf39-7e52-46f2-87d9-6ed29f627b6b/","id":"9d70bf39-7e52-46f2-87d9-6ed29f627b6b","name":"templatetest","description":"","created_at":"2021-08-04T14:29:09.639496Z","modified_at":"2021-08-04T14:29:09.639518Z"},{"url":"https://api.cloudtruth.io/api/v1/projects/48142c51-145b-433c-872d-f24a893bf50f/","id":"48142c51-145b-433c-872d-f24a893bf50f","name":"TestProject","description":"","created_at":"2021-09-22T15:29:52.012673Z","modified_at":"2021-09-22T15:29:54.392801Z"},{"url":"https://api.cloudtruth.io/api/v1/projects/cd9c51fc-1328-4fbe-beac-333627afa8ab/","id":"cd9c51fc-1328-4fbe-beac-333627afa8ab","name":"web","description":"The
        config for the web frontend","created_at":"2021-07-23T16:18:31.102443Z","modified_at":"2021-07-26T18:50:28.022395Z"}]}'
  recorded_at: Wed, 22 Sep 2021 15:29:55 GMT
- request:
    method: delete
    uri: https://api.cloudtruth.io/api/v1/projects/48142c51-145b-433c-872d-f24a893bf50f/
    body:
      encoding: US-ASCII
      string: ''
    headers:
      Content-Type:
      - application/json
      User-Agent:
      - kubetruth/1.0.4
      Authorization:
      - Api-Key <TOKEN>
      Accept-Encoding:
      - gzip;q=1.0,deflate;q=0.6,identity;q=0.3
      Accept:
      - "*/*"
  response:
    status:
      code: 204
      message: No Content
    headers:
      Date:
      - Wed, 22 Sep 2021 15:29:55 GMT
      Content-Length:
      - '0'
      Connection:
      - keep-alive
      Set-Cookie:
      - AWSALB=7iZADyKIAen3lhOF7emgSTEnj7UTGU195BqeoRyiCU0lCURCsPh0XwfaaNk5rMtQMOENcEgRZEhYtyTbe8ufdr4QUHAOklsaGFAFTR7/GSh2+hhEKh5iPVApcN1P;
        Expires=Wed, 29 Sep 2021 15:29:55 GMT; Path=/
      - AWSALBCORS=7iZADyKIAen3lhOF7emgSTEnj7UTGU195BqeoRyiCU0lCURCsPh0XwfaaNk5rMtQMOENcEgRZEhYtyTbe8ufdr4QUHAOklsaGFAFTR7/GSh2+hhEKh5iPVApcN1P;
        Expires=Wed, 29 Sep 2021 15:29:55 GMT; Path=/; SameSite=None; Secure
      - AWSALBTG=AtM9P10XZFZocvuVn1nqunvwHci4J3+fm5JynDmwoNGV6lP51gsCvGRSS/F5w3xe6nzwKTKcPSjLrLn7u0/MzjKYutoW69mVy8LPJlLBARIS55QQlpag2sEnHfgime227EyrkIx8TKhrvJmGHy/uqmwW1cDIKzsQhtY75f0IzVzx;
        Expires=Wed, 29 Sep 2021 15:29:55 GMT; Path=/
      - AWSALBTGCORS=AtM9P10XZFZocvuVn1nqunvwHci4J3+fm5JynDmwoNGV6lP51gsCvGRSS/F5w3xe6nzwKTKcPSjLrLn7u0/MzjKYutoW69mVy8LPJlLBARIS55QQlpag2sEnHfgime227EyrkIx8TKhrvJmGHy/uqmwW1cDIKzsQhtY75f0IzVzx;
        Expires=Wed, 29 Sep 2021 15:29:55 GMT; Path=/; SameSite=None; Secure
      - csrftoken=JNJb3WSeisv5Pzj5KRKC3j1dJqwqtqTxaxTQlmyKl8ybFGOm0OUMdFWMuxxVoY2X;
        expires=Wed, 21 Sep 2022 15:29:55 GMT; Max-Age=31449600; Path=/; SameSite=Lax
      - sessionid=jz8ui2ow09g3nl6k5m2g7jebz2bijf8s; expires=Wed, 06 Oct 2021 15:29:55
        GMT; Max-Age=1209600; Path=/; Secure
      Server:
      - undisclosed
      Vary:
      - Accept, Cookie, Origin
      Allow:
      - GET, PUT, PATCH, DELETE, HEAD, OPTIONS
      X-Frame-Options:
      - DENY
      X-Content-Type-Options:
      - nosniff
      Referrer-Policy:
      - same-origin
    body:
      encoding: UTF-8
      string: ''
  recorded_at: Wed, 22 Sep 2021 15:29:55 GMT
- request:
    method: post
    uri: https://api.cloudtruth.io/api/v1/projects/
    body:
      encoding: UTF-8
      string: '{"name":"TestProject"}'
    headers:
      Content-Type:
      - application/json
      User-Agent:
      - kubetruth/1.0.4
      Accept:
      - application/json
      Authorization:
      - Api-Key <TOKEN>
      Accept-Encoding:
      - gzip;q=1.0,deflate;q=0.6,identity;q=0.3
  response:
    status:
      code: 201
      message: Created
    headers:
      Date:
      - Wed, 22 Sep 2021 15:29:56 GMT
      Content-Type:
      - application/json
      Content-Length:
      - '258'
      Connection:
      - keep-alive
      Set-Cookie:
      - AWSALB=3aj4ZREPm6tqXJihT4mEmspUUpxCj4feBju56V92brCUZGJ1/xjoqWme11cBjidF4hy0IUfzhSXSLaioIWNAzHKtaSGtUo9crmKHD/MbUqGMq7yKDq2jmSCk0LnJ;
        Expires=Wed, 29 Sep 2021 15:29:56 GMT; Path=/
      - AWSALBCORS=3aj4ZREPm6tqXJihT4mEmspUUpxCj4feBju56V92brCUZGJ1/xjoqWme11cBjidF4hy0IUfzhSXSLaioIWNAzHKtaSGtUo9crmKHD/MbUqGMq7yKDq2jmSCk0LnJ;
        Expires=Wed, 29 Sep 2021 15:29:56 GMT; Path=/; SameSite=None; Secure
      - AWSALBTG=3lB+YrMSkGR1O/nOcFr4euX0/Rgogdhj5cQyG2SMtpHqgG5p0DELfPhC2Tqdhrd66uaNIK/DJuZRAe/6VE1Uh/UEHRXohJEsTp/okh6oWpAaCqfzdPpiUKTkgzz92gPbjXPJgsGR2525HS/V1RT34Ez8HRboPQw42cVePyiU7ZBx;
        Expires=Wed, 29 Sep 2021 15:29:56 GMT; Path=/
      - AWSALBTGCORS=3lB+YrMSkGR1O/nOcFr4euX0/Rgogdhj5cQyG2SMtpHqgG5p0DELfPhC2Tqdhrd66uaNIK/DJuZRAe/6VE1Uh/UEHRXohJEsTp/okh6oWpAaCqfzdPpiUKTkgzz92gPbjXPJgsGR2525HS/V1RT34Ez8HRboPQw42cVePyiU7ZBx;
        Expires=Wed, 29 Sep 2021 15:29:56 GMT; Path=/; SameSite=None; Secure
      - csrftoken=QvkSSDHXGj1Z7OFgcrBn2zkNtcyc0qhpji3eX9RtRnljfYWBR3ub1OyIVucatiRK;
        expires=Wed, 21 Sep 2022 15:29:56 GMT; Max-Age=31449600; Path=/; SameSite=Lax
      - sessionid=vknf05r8c0rslv36xltsw3hreiqhbamo; expires=Wed, 06 Oct 2021 15:29:56
        GMT; Max-Age=1209600; Path=/; Secure
      Server:
      - undisclosed
      Location:
      - https://api.cloudtruth.io/api/v1/projects/3fdbc09e-2a93-4c1e-9f09-c38d548ac77e/
      Vary:
      - Accept, Cookie, Origin
      Allow:
      - GET, POST, HEAD, OPTIONS
      X-Frame-Options:
      - DENY
      X-Content-Type-Options:
      - nosniff
      Referrer-Policy:
      - same-origin
    body:
      encoding: UTF-8
      string: '{"url":"https://api.cloudtruth.io/api/v1/projects/3fdbc09e-2a93-4c1e-9f09-c38d548ac77e/","id":"3fdbc09e-2a93-4c1e-9f09-c38d548ac77e","name":"TestProject","description":"","created_at":"2021-09-22T15:29:56.240098Z","modified_at":"2021-09-22T15:29:56.240098Z"}'
  recorded_at: Wed, 22 Sep 2021 15:29:56 GMT
- request:
    method: get
    uri: https://api.cloudtruth.io/api/v1/projects/
    body:
      encoding: US-ASCII
      string: ''
    headers:
      Content-Type:
      - application/json
      User-Agent:
      - kubetruth/1.0.4
      Accept:
      - application/json
      Authorization:
      - Api-Key <TOKEN>
      Accept-Encoding:
      - gzip;q=1.0,deflate;q=0.6,identity;q=0.3
  response:
    status:
      code: 200
      message: OK
    headers:
      Date:
      - Wed, 22 Sep 2021 15:29:56 GMT
      Content-Type:
      - application/json
      Content-Length:
      - '4888'
      Connection:
      - keep-alive
      Set-Cookie:
      - AWSALB=r8AGfEyeBoj1mHi2SVSwT1KkqWbn1y/DwDynpsQGwOeuws9ytEraXYAHdJUwVl0vsKEY/SGxIF4Hu8q/B/E9aoW2cbaJILP84SNAv8bWDXrAjMbQ5+/cbFJKZ2Qk;
        Expires=Wed, 29 Sep 2021 15:29:56 GMT; Path=/
      - AWSALBCORS=r8AGfEyeBoj1mHi2SVSwT1KkqWbn1y/DwDynpsQGwOeuws9ytEraXYAHdJUwVl0vsKEY/SGxIF4Hu8q/B/E9aoW2cbaJILP84SNAv8bWDXrAjMbQ5+/cbFJKZ2Qk;
        Expires=Wed, 29 Sep 2021 15:29:56 GMT; Path=/; SameSite=None; Secure
      - AWSALBTG=f74gUezT2Ub3P4MxfyuMGrbR9GXM5Cei4NLH2b6/XjhpgpH88RHPkplqfncyDNj3NyeFaE30JpYHwRlBTga72LVXCzauWPqhc0p8/pNuDs6LbTDf9DfWjJZ7klfNG8s+2c97vEmB86agXQbb2Be2lbD2tWSB06G0cCL2vfGmGZx+;
        Expires=Wed, 29 Sep 2021 15:29:56 GMT; Path=/
      - AWSALBTGCORS=f74gUezT2Ub3P4MxfyuMGrbR9GXM5Cei4NLH2b6/XjhpgpH88RHPkplqfncyDNj3NyeFaE30JpYHwRlBTga72LVXCzauWPqhc0p8/pNuDs6LbTDf9DfWjJZ7klfNG8s+2c97vEmB86agXQbb2Be2lbD2tWSB06G0cCL2vfGmGZx+;
        Expires=Wed, 29 Sep 2021 15:29:56 GMT; Path=/; SameSite=None; Secure
      - csrftoken=rFPaL8FlbTwsE8fzSsn3IyCXaWh9a8yUa1k2deQFJRYNRD7JM2w62DqOnR0LpNHm;
        expires=Wed, 21 Sep 2022 15:29:56 GMT; Max-Age=31449600; Path=/; SameSite=Lax
      - sessionid=0oo2guhan4lac3uckxxknz8wwk8pixcc; expires=Wed, 06 Oct 2021 15:29:56
        GMT; Max-Age=1209600; Path=/; Secure
      Server:
      - undisclosed
      Vary:
      - Accept, Cookie, Origin
      Allow:
      - GET, POST, HEAD, OPTIONS
      X-Frame-Options:
      - DENY
      X-Content-Type-Options:
      - nosniff
      Referrer-Policy:
      - same-origin
    body:
      encoding: UTF-8
      string: '{"count":17,"next":null,"previous":null,"results":[{"url":"https://api.cloudtruth.io/api/v1/projects/1a7b786e-9c62-4258-aef2-6cfd75c41a59/","id":"1a7b786e-9c62-4258-aef2-6cfd75c41a59","name":"cfdemo","description":"Configuration
        used to demo a CloudFormation prototype integration","created_at":"2021-07-21T20:05:26.661951Z","modified_at":"2021-07-26T18:44:53.124105Z"},{"url":"https://api.cloudtruth.io/api/v1/projects/4fe2fe3c-c663-41af-8d63-ec5527a621c0/","id":"4fe2fe3c-c663-41af-8d63-ec5527a621c0","name":"common","description":"Shared
        across all projects","created_at":"2021-07-21T20:22:47.273990Z","modified_at":"2021-07-26T18:45:24.199158Z"},{"url":"https://api.cloudtruth.io/api/v1/projects/dcb265f5-ce89-4e00-8b28-7ce873747b97/","id":"dcb265f5-ce89-4e00-8b28-7ce873747b97","name":"common-service","description":"The
        config common across just services","created_at":"2021-07-21T20:24:07.189252Z","modified_at":"2021-07-26T18:46:23.320973Z"},{"url":"https://api.cloudtruth.io/api/v1/projects/8f3c29e6-3383-496f-a8e9-26dc6f25eb3c/","id":"8f3c29e6-3383-496f-a8e9-26dc6f25eb3c","name":"default","description":"The
        auto-generated default project.","created_at":"2021-07-21T20:24:25.911923Z","modified_at":"2021-07-26T18:46:34.255479Z"},{"url":"https://api.cloudtruth.io/api/v1/projects/daf9dcaa-9b5d-42fe-8fc3-3a69cfcf4dc5/","id":"daf9dcaa-9b5d-42fe-8fc3-3a69cfcf4dc5","name":"deploy","description":"Configuration
        needed for the deploy process from CI","created_at":"2021-07-21T20:24:38.629815Z","modified_at":"2021-07-26T18:46:51.707890Z"},{"url":"https://api.cloudtruth.io/api/v1/projects/244cec03-28c2-47cc-85ae-303bda5ba6cf/","id":"244cec03-28c2-47cc-85ae-303bda5ba6cf","name":"deploytest","description":"test
        the ability for kubetruth apply a deployment","created_at":"2021-08-19T13:36:42.635514Z","modified_at":"2021-09-01T16:05:27.884111Z"},{"url":"https://api.cloudtruth.io/api/v1/projects/f7fbefb5-a083-483d-bc33-131065854a06/","id":"f7fbefb5-a083-483d-bc33-131065854a06","name":"filetest","description":"","created_at":"2021-08-27T18:06:21.251281Z","modified_at":"2021-08-27T18:59:13.539538Z"},{"url":"https://api.cloudtruth.io/api/v1/projects/de0e3a04-a86c-4ad2-b358-08a1743813ce/","id":"de0e3a04-a86c-4ad2-b358-08a1743813ce","name":"inflatetest","description":"","created_at":"2021-08-06T15:38:52.135503Z","modified_at":"2021-08-06T15:38:52.135524Z"},{"url":"https://api.cloudtruth.io/api/v1/projects/530170b8-2193-4b37-a572-72860891740a/","id":"530170b8-2193-4b37-a572-72860891740a","name":"k8s-myapp-nginx","description":"","created_at":"2021-09-08T15:25:27.550873Z","modified_at":"2021-09-10T13:58:16.939366Z"},{"url":"https://api.cloudtruth.io/api/v1/projects/5e2e8c45-fd14-4611-8e75-d825b97e01e8/","id":"5e2e8c45-fd14-4611-8e75-d825b97e01e8","name":"kubetruth","description":"Configuration
        for managing kubetruth","created_at":"2021-07-23T16:17:57.275843Z","modified_at":"2021-09-16T15:08:10.717054Z"},{"url":"https://api.cloudtruth.io/api/v1/projects/1703265e-03d4-4e75-8b94-713d34afda67/","id":"1703265e-03d4-4e75-8b94-713d34afda67","name":"service","description":"The
        config for the backend service","created_at":"2021-07-23T16:18:02.643856Z","modified_at":"2021-07-26T18:49:56.904159Z"},{"url":"https://api.cloudtruth.io/api/v1/projects/75732f0b-c0c9-4479-9293-f87bc5a8969c/","id":"75732f0b-c0c9-4479-9293-f87bc5a8969c","name":"service-demo1","description":"The
        config for demo backend service","created_at":"2021-07-23T16:18:04.391855Z","modified_at":"2021-07-26T18:49:58.780103Z"},{"url":"https://api.cloudtruth.io/api/v1/projects/cb32e767-36b2-4bdc-836f-a85014837a93/","id":"cb32e767-36b2-4bdc-836f-a85014837a93","name":"service-demo2","description":"The
        config for demo2 service","created_at":"2021-07-23T16:18:26.748760Z","modified_at":"2021-07-26T18:50:23.926198Z"},{"url":"https://api.cloudtruth.io/api/v1/projects/2913f375-83ab-46b2-aeff-4158cd4d35c7/","id":"2913f375-83ab-46b2-aeff-4158cd4d35c7","name":"service-demo3","description":"The
        config for demo3 service","created_at":"2021-07-23T16:18:29.507805Z","modified_at":"2021-07-26T18:50:25.974144Z"},{"url":"https://api.cloudtruth.io/api/v1/projects/9d70bf39-7e52-46f2-87d9-6ed29f627b6b/","id":"9d70bf39-7e52-46f2-87d9-6ed29f627b6b","name":"templatetest","description":"","created_at":"2021-08-04T14:29:09.639496Z","modified_at":"2021-08-04T14:29:09.639518Z"},{"url":"https://api.cloudtruth.io/api/v1/projects/3fdbc09e-2a93-4c1e-9f09-c38d548ac77e/","id":"3fdbc09e-2a93-4c1e-9f09-c38d548ac77e","name":"TestProject","description":"","created_at":"2021-09-22T15:29:56.240098Z","modified_at":"2021-09-22T15:29:56.240098Z"},{"url":"https://api.cloudtruth.io/api/v1/projects/cd9c51fc-1328-4fbe-beac-333627afa8ab/","id":"cd9c51fc-1328-4fbe-beac-333627afa8ab","name":"web","description":"The
        config for the web frontend","created_at":"2021-07-23T16:18:31.102443Z","modified_at":"2021-07-26T18:50:28.022395Z"}]}'
  recorded_at: Wed, 22 Sep 2021 15:29:56 GMT
- request:
    method: post
    uri: https://api.cloudtruth.io/api/v1/projects/3fdbc09e-2a93-4c1e-9f09-c38d548ac77e/parameters/
    body:
      encoding: UTF-8
      string: '{"name":"one"}'
    headers:
      Content-Type:
      - application/json
      User-Agent:
      - kubetruth/1.0.4
      Accept:
      - application/json
      Authorization:
      - Api-Key <TOKEN>
      Accept-Encoding:
      - gzip;q=1.0,deflate;q=0.6,identity;q=0.3
  response:
    status:
      code: 201
      message: Created
    headers:
      Date:
      - Wed, 22 Sep 2021 15:29:57 GMT
      Content-Type:
      - application/json
      Content-Length:
      - '1185'
      Connection:
      - keep-alive
      Set-Cookie:
      - AWSALB=t2KCPYjIsgBOUJPcBmnCwP7KKgukrDDInehvmNV472oQg4AC46PrWFpMk8S5kRHyGI4s9jOkbvZTZrgOs24ramF4SrMCrxmOSSUEkLpbpMXPgp3qEbQ7x8bmX1kV;
        Expires=Wed, 29 Sep 2021 15:29:57 GMT; Path=/
      - AWSALBCORS=t2KCPYjIsgBOUJPcBmnCwP7KKgukrDDInehvmNV472oQg4AC46PrWFpMk8S5kRHyGI4s9jOkbvZTZrgOs24ramF4SrMCrxmOSSUEkLpbpMXPgp3qEbQ7x8bmX1kV;
        Expires=Wed, 29 Sep 2021 15:29:57 GMT; Path=/; SameSite=None; Secure
      - AWSALBTG=qkevWD0zReD5sox3sogH3tyxPRoX1ZTXiwn6DuQ0s86lJE93QnQy6KCMijosnFxaBRborVCgueTafGNN492FtKOYjVrvpsNB8QcN2elBzMKcTW4px+zm6By6jr2oZ6/GU5pkaDOMNVkG6X/yi6YSvo44qemqhxynGz+WT4Ngwfjb;
        Expires=Wed, 29 Sep 2021 15:29:57 GMT; Path=/
      - AWSALBTGCORS=qkevWD0zReD5sox3sogH3tyxPRoX1ZTXiwn6DuQ0s86lJE93QnQy6KCMijosnFxaBRborVCgueTafGNN492FtKOYjVrvpsNB8QcN2elBzMKcTW4px+zm6By6jr2oZ6/GU5pkaDOMNVkG6X/yi6YSvo44qemqhxynGz+WT4Ngwfjb;
        Expires=Wed, 29 Sep 2021 15:29:57 GMT; Path=/; SameSite=None; Secure
      - csrftoken=Y51uaSZwM1OBB0nDO9x4FMMqXYTaQQy8Wio4D6veGUfOfY7qb55yLKzX1N9J2ldA;
        expires=Wed, 21 Sep 2022 15:29:57 GMT; Max-Age=31449600; Path=/; SameSite=Lax
      - sessionid=v0ngye8o2zlkpviqmcvkk2g4f6irljo0; expires=Wed, 06 Oct 2021 15:29:57
        GMT; Max-Age=1209600; Path=/; Secure
      Server:
      - undisclosed
      Location:
      - https://api.cloudtruth.io/api/v1/projects/3fdbc09e-2a93-4c1e-9f09-c38d548ac77e/parameters/869f01c7-6ce8-4b11-9259-4f11a0fb4cba/
      Vary:
      - Accept, Cookie, Origin
      Allow:
      - GET, POST, HEAD, OPTIONS
      X-Frame-Options:
      - DENY
      X-Content-Type-Options:
      - nosniff
      Referrer-Policy:
      - same-origin
    body:
      encoding: UTF-8
      string: '{"url":"https://api.cloudtruth.io/api/v1/projects/3fdbc09e-2a93-4c1e-9f09-c38d548ac77e/parameters/869f01c7-6ce8-4b11-9259-4f11a0fb4cba/","id":"869f01c7-6ce8-4b11-9259-4f11a0fb4cba","name":"one","description":"","secret":false,"type":"string","rules":[],"templates":[],"values":{"https://api.cloudtruth.io/api/v1/environments/e8bc190d-0354-4e66-91c9-64501e501ec5/":null,"https://api.cloudtruth.io/api/v1/environments/c4de304d-5dd4-4a41-80ec-9a469f1aa4f5/":null,"https://api.cloudtruth.io/api/v1/environments/12b9c81b-9002-423b-9ca7-22cece646d07/":null,"https://api.cloudtruth.io/api/v1/environments/2281d9da-8376-4f45-baf2-372a71260dfa/":null,"https://api.cloudtruth.io/api/v1/environments/c99d6ab9-4674-4f76-bb43-da0b19124e18/":null,"https://api.cloudtruth.io/api/v1/environments/ef133a2e-3c9c-4229-a509-e56332baff40/":null,"https://api.cloudtruth.io/api/v1/environments/cde7cf9d-8bf2-46cb-9e97-dee9b99e4335/":null,"https://api.cloudtruth.io/api/v1/environments/e4399ff4-a962-451b-adfb-7e504ad6bb6d/":null,"https://api.cloudtruth.io/api/v1/environments/3afc0523-4722-4fa1-aaea-5d49beaa284d/":null},"created_at":"2021-09-22T15:29:57.401607Z","modified_at":"2021-09-22T15:29:57.401607Z"}'
  recorded_at: Wed, 22 Sep 2021 15:29:57 GMT
- request:
    method: post
    uri: https://api.cloudtruth.io/api/v1/projects/3fdbc09e-2a93-4c1e-9f09-c38d548ac77e/parameters/
    body:
      encoding: UTF-8
      string: '{"name":"two"}'
    headers:
      Content-Type:
      - application/json
      User-Agent:
      - kubetruth/1.0.4
      Accept:
      - application/json
      Authorization:
      - Api-Key <TOKEN>
      Accept-Encoding:
      - gzip;q=1.0,deflate;q=0.6,identity;q=0.3
  response:
    status:
      code: 201
      message: Created
    headers:
      Date:
      - Wed, 22 Sep 2021 15:29:58 GMT
      Content-Type:
      - application/json
      Content-Length:
      - '1185'
      Connection:
      - keep-alive
      Set-Cookie:
      - AWSALB=dKecfa82pA3cN3zEIpxJhzbOeH7TAMUvgDTOXQuXs/me5pN+fg8KYXGy6SR3XqIhJvQU2Ifj/xktsREe0u6KXHW+5rpo0TnyRC90MVeRbmKTY6HavQm/uBPRX3qP;
        Expires=Wed, 29 Sep 2021 15:29:57 GMT; Path=/
      - AWSALBCORS=dKecfa82pA3cN3zEIpxJhzbOeH7TAMUvgDTOXQuXs/me5pN+fg8KYXGy6SR3XqIhJvQU2Ifj/xktsREe0u6KXHW+5rpo0TnyRC90MVeRbmKTY6HavQm/uBPRX3qP;
        Expires=Wed, 29 Sep 2021 15:29:57 GMT; Path=/; SameSite=None; Secure
      - AWSALBTG=SskIDz5a2Udg8AvHpoSz8IRnfUNGcJnzl9ChSG1objw7xEinMROve+Keh5ofAhAvd2ivxtrSZLPQJp/e/o74TvRCp4/ekRszmg43FcGiI/9un1NuA3uKzq4JVKyaQEF4fK5x7fjR25vHZdjdpPA47B/3fkdYapG3skopQptDVc7M;
        Expires=Wed, 29 Sep 2021 15:29:57 GMT; Path=/
      - AWSALBTGCORS=SskIDz5a2Udg8AvHpoSz8IRnfUNGcJnzl9ChSG1objw7xEinMROve+Keh5ofAhAvd2ivxtrSZLPQJp/e/o74TvRCp4/ekRszmg43FcGiI/9un1NuA3uKzq4JVKyaQEF4fK5x7fjR25vHZdjdpPA47B/3fkdYapG3skopQptDVc7M;
        Expires=Wed, 29 Sep 2021 15:29:57 GMT; Path=/; SameSite=None; Secure
      - csrftoken=SRfdVafqhBKQvkO2TLw4j2ZWHgD0VhXj4zImylAgH1sKtMt4Ed3ShDaB13VzO6vH;
        expires=Wed, 21 Sep 2022 15:29:58 GMT; Max-Age=31449600; Path=/; SameSite=Lax
      - sessionid=5rcnwxn4j8xq5fxdgcp17h0vw8zs0nu8; expires=Wed, 06 Oct 2021 15:29:58
        GMT; Max-Age=1209600; Path=/; Secure
      Server:
      - undisclosed
      Location:
      - https://api.cloudtruth.io/api/v1/projects/3fdbc09e-2a93-4c1e-9f09-c38d548ac77e/parameters/b5c7553a-6661-4829-9cc5-86537e836b91/
      Vary:
      - Accept, Cookie, Origin
      Allow:
      - GET, POST, HEAD, OPTIONS
      X-Frame-Options:
      - DENY
      X-Content-Type-Options:
      - nosniff
      Referrer-Policy:
      - same-origin
    body:
      encoding: UTF-8
      string: '{"url":"https://api.cloudtruth.io/api/v1/projects/3fdbc09e-2a93-4c1e-9f09-c38d548ac77e/parameters/b5c7553a-6661-4829-9cc5-86537e836b91/","id":"b5c7553a-6661-4829-9cc5-86537e836b91","name":"two","description":"","secret":false,"type":"string","rules":[],"templates":[],"values":{"https://api.cloudtruth.io/api/v1/environments/e8bc190d-0354-4e66-91c9-64501e501ec5/":null,"https://api.cloudtruth.io/api/v1/environments/c4de304d-5dd4-4a41-80ec-9a469f1aa4f5/":null,"https://api.cloudtruth.io/api/v1/environments/12b9c81b-9002-423b-9ca7-22cece646d07/":null,"https://api.cloudtruth.io/api/v1/environments/2281d9da-8376-4f45-baf2-372a71260dfa/":null,"https://api.cloudtruth.io/api/v1/environments/c99d6ab9-4674-4f76-bb43-da0b19124e18/":null,"https://api.cloudtruth.io/api/v1/environments/ef133a2e-3c9c-4229-a509-e56332baff40/":null,"https://api.cloudtruth.io/api/v1/environments/cde7cf9d-8bf2-46cb-9e97-dee9b99e4335/":null,"https://api.cloudtruth.io/api/v1/environments/e4399ff4-a962-451b-adfb-7e504ad6bb6d/":null,"https://api.cloudtruth.io/api/v1/environments/3afc0523-4722-4fa1-aaea-5d49beaa284d/":null},"created_at":"2021-09-22T15:29:58.017189Z","modified_at":"2021-09-22T15:29:58.017189Z"}'
  recorded_at: Wed, 22 Sep 2021 15:29:57 GMT
- request:
    method: post
    uri: https://api.cloudtruth.io/api/v1/projects/3fdbc09e-2a93-4c1e-9f09-c38d548ac77e/templates/
    body:
      encoding: UTF-8
      string: '{"name":"one","body":"tmpl1 {{one}}"}'
    headers:
      Content-Type:
      - application/json
      User-Agent:
      - kubetruth/1.0.4
      Accept:
      - application/json
      Authorization:
      - Api-Key <TOKEN>
      Accept-Encoding:
      - gzip;q=1.0,deflate;q=0.6,identity;q=0.3
  response:
    status:
      code: 201
      message: Created
    headers:
      Date:
      - Wed, 22 Sep 2021 15:29:58 GMT
      Content-Type:
      - application/json
      Content-Length:
      - '519'
      Connection:
      - keep-alive
      Set-Cookie:
      - AWSALB=rEeLILgzPjJJ5WoxsGlcVRbdW77aZUb197NTJtHISiDueW6ccOIgqyGIYo5tuSgS78tmlUdYkHC8D9l+Rx5CPBueOz3Sx7R9tPqw5y6gqr3/BJTkKnKnpZ5gnh58;
        Expires=Wed, 29 Sep 2021 15:29:58 GMT; Path=/
      - AWSALBCORS=rEeLILgzPjJJ5WoxsGlcVRbdW77aZUb197NTJtHISiDueW6ccOIgqyGIYo5tuSgS78tmlUdYkHC8D9l+Rx5CPBueOz3Sx7R9tPqw5y6gqr3/BJTkKnKnpZ5gnh58;
        Expires=Wed, 29 Sep 2021 15:29:58 GMT; Path=/; SameSite=None; Secure
      - AWSALBTG=qEE6U0A4mKCDB39uqvWWzJL8zssHWXo1CVnN0hy582n7Zo+GIMOCuAk2eHu7kVsNLqdugm9pDoq7Gexjd3RczgeoPGTsvGVVbKc7VZj/k9foQ9nRk3OHhOjnHlCnw3sJXxUVx2TKNEsvlm+ZHr+sVFMGyyusNvzEohfWcigDgWgX;
        Expires=Wed, 29 Sep 2021 15:29:58 GMT; Path=/
      - AWSALBTGCORS=qEE6U0A4mKCDB39uqvWWzJL8zssHWXo1CVnN0hy582n7Zo+GIMOCuAk2eHu7kVsNLqdugm9pDoq7Gexjd3RczgeoPGTsvGVVbKc7VZj/k9foQ9nRk3OHhOjnHlCnw3sJXxUVx2TKNEsvlm+ZHr+sVFMGyyusNvzEohfWcigDgWgX;
        Expires=Wed, 29 Sep 2021 15:29:58 GMT; Path=/; SameSite=None; Secure
      - csrftoken=0KNtKSrLGU96iPFAnyBs7UH1MRnpy7hS8LfpylB5QnGTOPWCGkDToXt0yelmUNKl;
        expires=Wed, 21 Sep 2022 15:29:58 GMT; Max-Age=31449600; Path=/; SameSite=Lax
      - sessionid=v7d35gf06pwxpitqirvqob0fnzonceh6; expires=Wed, 06 Oct 2021 15:29:58
        GMT; Max-Age=1209600; Path=/; Secure
      Server:
      - undisclosed
      Location:
      - https://api.cloudtruth.io/api/v1/projects/3fdbc09e-2a93-4c1e-9f09-c38d548ac77e/templates/d6bbfbea-0a7a-4dda-abd0-f09e249dab71/
      Vary:
      - Accept, Cookie, Origin
      Allow:
      - GET, POST, HEAD, OPTIONS
      X-Frame-Options:
      - DENY
      X-Content-Type-Options:
      - nosniff
      Referrer-Policy:
      - same-origin
    body:
      encoding: UTF-8
      string: '{"url":"https://api.cloudtruth.io/api/v1/projects/3fdbc09e-2a93-4c1e-9f09-c38d548ac77e/templates/d6bbfbea-0a7a-4dda-abd0-f09e249dab71/","id":"d6bbfbea-0a7a-4dda-abd0-f09e249dab71","name":"one","description":"","body":"tmpl1
        {{one}}","parameters":["https://api.cloudtruth.io/api/v1/projects/3fdbc09e-2a93-4c1e-9f09-c38d548ac77e/parameters/869f01c7-6ce8-4b11-9259-4f11a0fb4cba/"],"references":[],"referenced_by":[],"has_secret":false,"created_at":"2021-09-22T15:29:58.526928Z","modified_at":"2021-09-22T15:29:58.526928Z"}'
  recorded_at: Wed, 22 Sep 2021 15:29:58 GMT
- request:
    method: post
    uri: https://api.cloudtruth.io/api/v1/projects/3fdbc09e-2a93-4c1e-9f09-c38d548ac77e/templates/
    body:
      encoding: UTF-8
      string: '{"name":"two","body":"tmpl2 {{two}}"}'
    headers:
      Content-Type:
      - application/json
      User-Agent:
      - kubetruth/1.0.4
      Accept:
      - application/json
      Authorization:
      - Api-Key <TOKEN>
      Accept-Encoding:
      - gzip;q=1.0,deflate;q=0.6,identity;q=0.3
  response:
    status:
      code: 201
      message: Created
    headers:
      Date:
      - Wed, 22 Sep 2021 15:29:59 GMT
      Content-Type:
      - application/json
      Content-Length:
      - '519'
      Connection:
      - keep-alive
      Set-Cookie:
      - AWSALB=qnKQjLs0k7BKKPYi+eAgq3zMQOchyuJyqUnKVLHZPumg30oJeIALf6ivHNZGGHzuN3eFHsewO8aup7Wz5INU00frk6q/jCyhtpQp15k8csZLuXRABKfX4CJyDSdg;
        Expires=Wed, 29 Sep 2021 15:29:58 GMT; Path=/
      - AWSALBCORS=qnKQjLs0k7BKKPYi+eAgq3zMQOchyuJyqUnKVLHZPumg30oJeIALf6ivHNZGGHzuN3eFHsewO8aup7Wz5INU00frk6q/jCyhtpQp15k8csZLuXRABKfX4CJyDSdg;
        Expires=Wed, 29 Sep 2021 15:29:58 GMT; Path=/; SameSite=None; Secure
      - AWSALBTG=JUDA6Dm/K64qby1QPnDJCdYYv6ImJLBOSP/M7yfFe1b9o0i3XVN1nHpewzLsKIrpCg44GykSwB6N0ZbsB6ZJf2D9j6+Y5GyW++zo50gzBncZPswXGNwvz7DH6yGhsXsLfPZpqvyLZBxqYh3cIGDUSUmuuQg7H9R8TJ+wx1neJJI8;
        Expires=Wed, 29 Sep 2021 15:29:58 GMT; Path=/
      - AWSALBTGCORS=JUDA6Dm/K64qby1QPnDJCdYYv6ImJLBOSP/M7yfFe1b9o0i3XVN1nHpewzLsKIrpCg44GykSwB6N0ZbsB6ZJf2D9j6+Y5GyW++zo50gzBncZPswXGNwvz7DH6yGhsXsLfPZpqvyLZBxqYh3cIGDUSUmuuQg7H9R8TJ+wx1neJJI8;
        Expires=Wed, 29 Sep 2021 15:29:58 GMT; Path=/; SameSite=None; Secure
      - csrftoken=wZ5BoVwHpnwWU60kMiIXCex25PYbyOHOJElXJ0V9SfOHpBvFtiDSvWJWC6s7NLQM;
        expires=Wed, 21 Sep 2022 15:29:59 GMT; Max-Age=31449600; Path=/; SameSite=Lax
      - sessionid=en2jvph777ifmllg6twsnp8vgql1tezm; expires=Wed, 06 Oct 2021 15:29:59
        GMT; Max-Age=1209600; Path=/; Secure
      Server:
      - undisclosed
      Location:
      - https://api.cloudtruth.io/api/v1/projects/3fdbc09e-2a93-4c1e-9f09-c38d548ac77e/templates/91d72483-2368-4568-a78e-fd803d4944cb/
      Vary:
      - Accept, Cookie, Origin
      Allow:
      - GET, POST, HEAD, OPTIONS
      X-Frame-Options:
      - DENY
      X-Content-Type-Options:
      - nosniff
      Referrer-Policy:
      - same-origin
    body:
      encoding: UTF-8
      string: '{"url":"https://api.cloudtruth.io/api/v1/projects/3fdbc09e-2a93-4c1e-9f09-c38d548ac77e/templates/91d72483-2368-4568-a78e-fd803d4944cb/","id":"91d72483-2368-4568-a78e-fd803d4944cb","name":"two","description":"","body":"tmpl2
        {{two}}","parameters":["https://api.cloudtruth.io/api/v1/projects/3fdbc09e-2a93-4c1e-9f09-c38d548ac77e/parameters/b5c7553a-6661-4829-9cc5-86537e836b91/"],"references":[],"referenced_by":[],"has_secret":false,"created_at":"2021-09-22T15:29:59.007151Z","modified_at":"2021-09-22T15:29:59.007151Z"}'
  recorded_at: Wed, 22 Sep 2021 15:29:58 GMT
- request:
    method: get
    uri: https://api.cloudtruth.io/api/v1/projects/3fdbc09e-2a93-4c1e-9f09-c38d548ac77e/templates/
    body:
      encoding: US-ASCII
      string: ''
    headers:
      Content-Type:
      - application/json
      User-Agent:
      - kubetruth/1.0.4
      Accept:
      - application/json
      Authorization:
      - Api-Key <TOKEN>
      Accept-Encoding:
      - gzip;q=1.0,deflate;q=0.6,identity;q=0.3
  response:
    status:
      code: 200
      message: OK
    headers:
      Date:
      - Wed, 22 Sep 2021 15:29:59 GMT
      Content-Type:
      - application/json
      Content-Length:
      - '1091'
      Connection:
      - keep-alive
      Set-Cookie:
      - AWSALB=8bs5/bt3VRzZ0lIc3rkR2IP4IMq2Kx3SFMmjAiWxloteUVsrbzCsZf/LyIGuMa2qlrFGle+Db3CYxMYE1+f6xZEalN1vILBvmV0E/Emgwm7daVwKx2nWqLVuSiFx;
        Expires=Wed, 29 Sep 2021 15:29:59 GMT; Path=/
      - AWSALBCORS=8bs5/bt3VRzZ0lIc3rkR2IP4IMq2Kx3SFMmjAiWxloteUVsrbzCsZf/LyIGuMa2qlrFGle+Db3CYxMYE1+f6xZEalN1vILBvmV0E/Emgwm7daVwKx2nWqLVuSiFx;
        Expires=Wed, 29 Sep 2021 15:29:59 GMT; Path=/; SameSite=None; Secure
      - AWSALBTG=xWLZu+Fiz2PIsXHR20I8Kauudb5z3v+gqbeYCGYGT/zcRBYfwUIUbRQWqnaT3iog62EgChgVBduA2myQTU/lEKh7aNqzX9kEb8+AgWyCuJmFzIP/odIHC4RVnEiCNlHZvRu0dU2W8X7jXTaBW5mac6UCHN2kGdCqhi6oGZe56CUX;
        Expires=Wed, 29 Sep 2021 15:29:59 GMT; Path=/
      - AWSALBTGCORS=xWLZu+Fiz2PIsXHR20I8Kauudb5z3v+gqbeYCGYGT/zcRBYfwUIUbRQWqnaT3iog62EgChgVBduA2myQTU/lEKh7aNqzX9kEb8+AgWyCuJmFzIP/odIHC4RVnEiCNlHZvRu0dU2W8X7jXTaBW5mac6UCHN2kGdCqhi6oGZe56CUX;
        Expires=Wed, 29 Sep 2021 15:29:59 GMT; Path=/; SameSite=None; Secure
      - csrftoken=4AVGGc5c31uFm2Y6G2htWQ0hlZp8zL44ltYUteGLV6QZypot8iotKx8riqczdP9B;
        expires=Wed, 21 Sep 2022 15:29:59 GMT; Max-Age=31449600; Path=/; SameSite=Lax
      - sessionid=qpyye9nut8pfgr3n0vik4f3iyc4o371x; expires=Wed, 06 Oct 2021 15:29:59
        GMT; Max-Age=1209600; Path=/; Secure
      Server:
      - undisclosed
      Vary:
      - Accept, Cookie, Origin
      Allow:
      - GET, POST, HEAD, OPTIONS
      X-Frame-Options:
      - DENY
      X-Content-Type-Options:
      - nosniff
      Referrer-Policy:
      - same-origin
    body:
      encoding: UTF-8
      string: '{"count":2,"next":null,"previous":null,"results":[{"url":"https://api.cloudtruth.io/api/v1/projects/3fdbc09e-2a93-4c1e-9f09-c38d548ac77e/templates/d6bbfbea-0a7a-4dda-abd0-f09e249dab71/","id":"d6bbfbea-0a7a-4dda-abd0-f09e249dab71","name":"one","description":"","body":"tmpl1
        {{one}}","parameters":["https://api.cloudtruth.io/api/v1/projects/3fdbc09e-2a93-4c1e-9f09-c38d548ac77e/parameters/869f01c7-6ce8-4b11-9259-4f11a0fb4cba/"],"references":[],"referenced_by":[],"has_secret":false,"created_at":"2021-09-22T15:29:58.526928Z","modified_at":"2021-09-22T15:29:58.526928Z"},{"url":"https://api.cloudtruth.io/api/v1/projects/3fdbc09e-2a93-4c1e-9f09-c38d548ac77e/templates/91d72483-2368-4568-a78e-fd803d4944cb/","id":"91d72483-2368-4568-a78e-fd803d4944cb","name":"two","description":"","body":"tmpl2
        {{two}}","parameters":["https://api.cloudtruth.io/api/v1/projects/3fdbc09e-2a93-4c1e-9f09-c38d548ac77e/parameters/b5c7553a-6661-4829-9cc5-86537e836b91/"],"references":[],"referenced_by":[],"has_secret":false,"created_at":"2021-09-22T15:29:59.007151Z","modified_at":"2021-09-22T15:29:59.007151Z"}]}'
  recorded_at: Wed, 22 Sep 2021 15:29:59 GMT
recorded_with: VCR 6.0.0
